Found Detectron ops lib: /private/home/zhangjixyz/caffe2/lib/python2.7/site-packages/lib/libcaffe2_detectron_ops_gpu.so
INFO test_net.py:  97: Called with args:
INFO test_net.py:  98: Namespace(cfg_file='./test/coco_2014_minival/generalized_rcnn/detection_range_config.yaml', multi_gpu_testing=False, opts=['NUM_GPUS', '1', 'TEST.DATASETS', '("coco_2014_minival",)', 'TEST.WEIGHTS', '/tmp/detectron-download-cache/35861858/12_2017_baselines/e2e_mask_rcnn_R-101-FPN_2x.yaml.02_32_51.SgT4y1cO/output/train/coco_2014_train:coco_2014_valminusminival/generalized_rcnn/model_final.pkl'], range=[2500, 5000], vis=False, wait=True)
INFO test_net.py: 104: Testing with config:
INFO test_net.py: 105: {'BBOX_XFORM_CLIP': 4.135166556742356,
 'CLUSTER': {'ON_CLUSTER': False},
 'DATA_LOADER': {'NUM_THREADS': 4},
 'DEDUP_BOXES': 0.0625,
 'DOWNLOAD_CACHE': '/tmp/detectron-download-cache',
 'EPS': 1e-14,
 'EXPECTED_RESULTS': [],
 'EXPECTED_RESULTS_ATOL': 0.005,
 'EXPECTED_RESULTS_EMAIL': '',
 'EXPECTED_RESULTS_RTOL': 0.1,
 'FAST_RCNN': {'MLP_HEAD_DIM': 1024,
               'ROI_BOX_HEAD': 'fast_rcnn_heads.add_roi_2mlp_head',
               'ROI_XFORM_METHOD': 'RoIAlign',
               'ROI_XFORM_RESOLUTION': 7,
               'ROI_XFORM_SAMPLING_RATIO': 2},
 'FPN': {'COARSEST_STRIDE': 32,
         'DIM': 256,
         'EXTRA_CONV_LEVELS': False,
         'FPN_ON': True,
         'MULTILEVEL_ROIS': True,
         'MULTILEVEL_RPN': True,
         'ROI_CANONICAL_LEVEL': 4,
         'ROI_CANONICAL_SCALE': 224,
         'ROI_MAX_LEVEL': 5,
         'ROI_MIN_LEVEL': 2,
         'RPN_ANCHOR_START_SIZE': 32,
         'RPN_ASPECT_RATIOS': (0.5, 1, 2),
         'RPN_MAX_LEVEL': 6,
         'RPN_MIN_LEVEL': 2,
         'ZERO_INIT_LATERAL': False},
 'KRCNN': {'CONV_HEAD_DIM': 256,
           'CONV_HEAD_KERNEL': 3,
           'CONV_INIT': 'GaussianFill',
           'DECONV_DIM': 256,
           'DECONV_KERNEL': 4,
           'DILATION': 1,
           'HEATMAP_SIZE': -1,
           'INFERENCE_MIN_SIZE': 0,
           'KEYPOINT_CONFIDENCE': 'bbox',
           'LOSS_WEIGHT': 1.0,
           'MIN_KEYPOINT_COUNT_FOR_VALID_MINIBATCH': 20,
           'NMS_OKS': False,
           'NORMALIZE_BY_VISIBLE_KEYPOINTS': True,
           'NUM_KEYPOINTS': -1,
           'NUM_STACKED_CONVS': 8,
           'ROI_KEYPOINTS_HEAD': '',
           'ROI_XFORM_METHOD': 'RoIAlign',
           'ROI_XFORM_RESOLUTION': 7,
           'ROI_XFORM_SAMPLING_RATIO': 0,
           'UP_SCALE': -1,
           'USE_DECONV': False,
           'USE_DECONV_OUTPUT': False},
 'MATLAB': 'matlab',
 'MEMONGER': True,
 'MEMONGER_SHARE_ACTIVATIONS': False,
 'MODEL': {'BBOX_REG_WEIGHTS': (10.0, 10.0, 5.0, 5.0),
           'CLS_AGNOSTIC_BBOX_REG': False,
           'CONV_BODY': 'FPN.add_fpn_ResNet101_conv5_body',
           'EXECUTION_TYPE': 'dag',
           'FASTER_RCNN': True,
           'KEYPOINTS_ON': False,
           'MASK_ON': True,
           'NUM_CLASSES': 81,
           'RPN_ONLY': False,
           'TYPE': 'generalized_rcnn'},
 'MRCNN': {'CLS_SPECIFIC_MASK': True,
           'CONV_INIT': 'MSRAFill',
           'DILATION': 1,
           'DIM_REDUCED': 256,
           'RESOLUTION': 28,
           'ROI_MASK_HEAD': 'mask_rcnn_heads.mask_rcnn_fcn_head_v1up4convs',
           'ROI_XFORM_METHOD': 'RoIAlign',
           'ROI_XFORM_RESOLUTION': 14,
           'ROI_XFORM_SAMPLING_RATIO': 2,
           'THRESH_BINARIZE': 0.5,
           'UPSAMPLE_RATIO': 1,
           'USE_FC_OUTPUT': False,
           'WEIGHT_LOSS_MASK': 1.0},
 'NUM_GPUS': 1,
 'OUTPUT_DIR': '.',
 'PIXEL_MEANS': array([[[102.9801, 115.9465, 122.7717]]]),
 'RESNETS': {'NUM_GROUPS': 1,
             'RES5_DILATION': 1,
             'STRIDE_1X1': True,
             'TRANS_FUNC': 'bottleneck_transformation',
             'WIDTH_PER_GROUP': 64},
 'RETINANET': {'ANCHOR_SCALE': 4,
               'ASPECT_RATIOS': (0.5, 1.0, 2.0),
               'BBOX_REG_BETA': 0.11,
               'BBOX_REG_WEIGHT': 1.0,
               'CLASS_SPECIFIC_BBOX': False,
               'INFERENCE_TH': 0.05,
               'LOSS_ALPHA': 0.25,
               'LOSS_GAMMA': 2.0,
               'NEGATIVE_OVERLAP': 0.4,
               'NUM_CONVS': 4,
               'POSITIVE_OVERLAP': 0.5,
               'PRE_NMS_TOP_N': 1000,
               'PRIOR_PROB': 0.01,
               'RETINANET_ON': False,
               'SCALES_PER_OCTAVE': 3,
               'SHARE_CLS_BBOX_TOWER': False,
               'SOFTMAX': False},
 'RFCN': {'PS_GRID_SIZE': 3},
 'RNG_SEED': 3,
 'ROOT_DIR': '/private/home/zhangjixyz/detectron_large_scale_VRD',
 'RPN': {'ASPECT_RATIOS': (0.5, 1, 2),
         'RPN_ON': True,
         'SIZES': (64, 128, 256, 512),
         'STRIDE': 16},
 'SOLVER': {'BASE_LR': 0.02,
            'GAMMA': 0.1,
            'LOG_LR_CHANGE_THRESHOLD': 1.1,
            'LRS': [],
            'LR_POLICY': 'steps_with_decay',
            'MAX_ITER': 180000,
            'MOMENTUM': 0.9,
            'SCALE_MOMENTUM': True,
            'SCALE_MOMENTUM_THRESHOLD': 1.1,
            'STEPS': [0, 120000, 160000],
            'STEP_SIZE': 30000,
            'WARM_UP_FACTOR': 0.3333333333333333,
            'WARM_UP_ITERS': 500,
            'WARM_UP_METHOD': u'linear',
            'WEIGHT_DECAY': 0.0001},
 'TEST': {'BBOX_AUG': {'AREA_TH_HI': 32400,
                       'AREA_TH_LO': 2500,
                       'ASPECT_RATIOS': (),
                       'ASPECT_RATIO_H_FLIP': False,
                       'COORD_HEUR': 'UNION',
                       'ENABLED': False,
                       'H_FLIP': False,
                       'MAX_SIZE': 4000,
                       'SCALES': (),
                       'SCALE_H_FLIP': False,
                       'SCALE_SIZE_DEP': False,
                       'SCORE_HEUR': 'UNION'},
          'BBOX_REG': True,
          'BBOX_VOTE': {'ENABLED': False,
                        'SCORING_METHOD': 'ID',
                        'SCORING_METHOD_BETA': 1.0,
                        'VOTE_TH': 0.8},
          'COMPETITION_MODE': True,
          'DATASETS': ('coco_2014_minival',),
          'DETECTIONS_PER_IM': 100,
          'FORCE_JSON_DATASET_EVAL': False,
          'KPS_AUG': {'AREA_TH': 32400,
                      'ASPECT_RATIOS': (),
                      'ASPECT_RATIO_H_FLIP': False,
                      'ENABLED': False,
                      'HEUR': 'HM_AVG',
                      'H_FLIP': False,
                      'MAX_SIZE': 4000,
                      'SCALES': (),
                      'SCALE_H_FLIP': False,
                      'SCALE_SIZE_DEP': False},
          'MASK_AUG': {'AREA_TH': 32400,
                       'ASPECT_RATIOS': (),
                       'ASPECT_RATIO_H_FLIP': False,
                       'ENABLED': False,
                       'HEUR': 'SOFT_AVG',
                       'H_FLIP': False,
                       'MAX_SIZE': 4000,
                       'SCALES': (),
                       'SCALE_H_FLIP': False,
                       'SCALE_SIZE_DEP': False},
          'MAX_SIZE': 1333,
          'NMS': 0.5,
          'PRECOMPUTED_PROPOSALS': False,
          'PROPOSAL_FILES': (),
          'PROPOSAL_LIMIT': 2000,
          'RPN_MIN_SIZE': 0,
          'RPN_NMS_THRESH': 0.7,
          'RPN_POST_NMS_TOP_N': 1000,
          'RPN_PRE_NMS_TOP_N': 1000,
          'SCALE': 800,
          'SCORE_THRESH': 0.05,
          'SOFT_NMS': {'ENABLED': False, 'METHOD': 'linear', 'SIGMA': 0.5},
          'WEIGHTS': '/tmp/detectron-download-cache/35861858/12_2017_baselines/e2e_mask_rcnn_R-101-FPN_2x.yaml.02_32_51.SgT4y1cO/output/train/coco_2014_train:coco_2014_valminusminival/generalized_rcnn/model_final.pkl'},
 'TRAIN': {'ASPECT_GROUPING': True,
           'AUTO_RESUME': True,
           'BATCH_SIZE_PER_IM': 512,
           'BBOX_THRESH': 0.5,
           'BG_THRESH_HI': 0.5,
           'BG_THRESH_LO': 0.0,
           'CROWD_FILTER_THRESH': 0.7,
           'DATASETS': ('coco_2014_train', 'coco_2014_valminusminival'),
           'FG_FRACTION': 0.25,
           'FG_THRESH': 0.5,
           'FREEZE_CONV_BODY': False,
           'GT_MIN_AREA': -1,
           'IMS_PER_BATCH': 2,
           'MAX_SIZE': 1333,
           'PROPOSAL_FILES': (),
           'RPN_BATCH_SIZE_PER_IM': 256,
           'RPN_FG_FRACTION': 0.5,
           'RPN_MIN_SIZE': 0,
           'RPN_NEGATIVE_OVERLAP': 0.3,
           'RPN_NMS_THRESH': 0.7,
           'RPN_POSITIVE_OVERLAP': 0.7,
           'RPN_POST_NMS_TOP_N': 2000,
           'RPN_PRE_NMS_TOP_N': 2000,
           'RPN_STRADDLE_THRESH': 0,
           'SCALES': (800,),
           'SNAPSHOT_ITERS': 20000,
           'USE_FLIPPED': True,
           'WEIGHTS': '/tmp/detectron-download-cache/ImageNetPretrained/MSRA/R-101.pkl'},
 'USE_NCCL': False,
 'VIS': False,
 'VIS_TH': 0.9}
loading annotations into memory...
Done (t=0.95s)
creating index...
index created!
WARNING cnn.py:  40: [====DEPRECATE WARNING====]: you are creating an object from CNNModelHelper class which will be deprecated soon. Please use ModelHelper object with brew module. For more information, please refer to caffe2.ai and python/brew.py, python/brew_test.py for more information.
INFO net.py:  57: Loading weights from: /tmp/detectron-download-cache/35861858/12_2017_baselines/e2e_mask_rcnn_R-101-FPN_2x.yaml.02_32_51.SgT4y1cO/output/train/coco_2014_train:coco_2014_valminusminival/generalized_rcnn/model_final.pkl
I0403 09:17:19.387394 37555 net_dag_utils.cc:118] Operator graph pruning prior to chain compute took: 0.000251488 secs
I0403 09:17:19.387732 37555 net_dag.cc:61] Number of parallel execution chains 63 Number of operators = 402
I0403 09:17:19.421136 37555 net_dag_utils.cc:118] Operator graph pruning prior to chain compute took: 0.000211263 secs
I0403 09:17:19.421393 37555 net_dag.cc:61] Number of parallel execution chains 30 Number of operators = 358
I0403 09:17:19.423528 37555 net_dag_utils.cc:118] Operator graph pruning prior to chain compute took: 1.3846e-05 secs
I0403 09:17:19.423568 37555 net_dag.cc:61] Number of parallel execution chains 5 Number of operators = 18
INFO test_engine.py: 287: im_detect: range [2501, 5000] of 5000: 2501/5000 4.266s + 0.010s (eta: 2:58:06)
INFO test_engine.py: 287: im_detect: range [2501, 5000] of 5000: 2511/5000 0.549s + 0.050s (eta: 0:24:48)
INFO test_engine.py: 287: im_detect: range [2501, 5000] of 5000: 2521/5000 0.366s + 0.043s (eta: 0:16:53)
INFO test_engine.py: 287: im_detect: range [2501, 5000] of 5000: 2531/5000 0.291s + 0.038s (eta: 0:13:33)
INFO test_engine.py: 287: im_detect: range [2501, 5000] of 5000: 2541/5000 0.260s + 0.035s (eta: 0:12:05)
INFO test_engine.py: 287: im_detect: range [2501, 5000] of 5000: 2551/5000 0.237s + 0.037s (eta: 0:11:09)
INFO test_engine.py: 287: im_detect: range [2501, 5000] of 5000: 2561/5000 0.222s + 0.036s (eta: 0:10:28)
INFO test_engine.py: 287: im_detect: range [2501, 5000] of 5000: 2571/5000 0.210s + 0.036s (eta: 0:09:57)
INFO test_engine.py: 287: im_detect: range [2501, 5000] of 5000: 2581/5000 0.201s + 0.037s (eta: 0:09:36)
INFO test_engine.py: 287: im_detect: range [2501, 5000] of 5000: 2591/5000 0.195s + 0.036s (eta: 0:09:16)
INFO test_engine.py: 287: im_detect: range [2501, 5000] of 5000: 2601/5000 0.190s + 0.036s (eta: 0:09:00)
INFO test_engine.py: 287: im_detect: range [2501, 5000] of 5000: 2611/5000 0.186s + 0.036s (eta: 0:08:49)
INFO test_engine.py: 287: im_detect: range [2501, 5000] of 5000: 2621/5000 0.183s + 0.036s (eta: 0:08:41)
INFO test_engine.py: 287: im_detect: range [2501, 5000] of 5000: 2631/5000 0.180s + 0.037s (eta: 0:08:32)
INFO test_engine.py: 287: im_detect: range [2501, 5000] of 5000: 2641/5000 0.177s + 0.036s (eta: 0:08:22)
INFO test_engine.py: 287: im_detect: range [2501, 5000] of 5000: 2651/5000 0.175s + 0.036s (eta: 0:08:15)
INFO test_engine.py: 287: im_detect: range [2501, 5000] of 5000: 2661/5000 0.173s + 0.035s (eta: 0:08:05)
INFO test_engine.py: 287: im_detect: range [2501, 5000] of 5000: 2671/5000 0.171s + 0.035s (eta: 0:07:59)
INFO test_engine.py: 287: im_detect: range [2501, 5000] of 5000: 2681/5000 0.169s + 0.034s (eta: 0:07:51)
INFO test_engine.py: 287: im_detect: range [2501, 5000] of 5000: 2691/5000 0.168s + 0.034s (eta: 0:07:45)
INFO test_engine.py: 287: im_detect: range [2501, 5000] of 5000: 2701/5000 0.166s + 0.033s (eta: 0:07:37)
INFO test_engine.py: 287: im_detect: range [2501, 5000] of 5000: 2711/5000 0.165s + 0.033s (eta: 0:07:33)
INFO test_engine.py: 287: im_detect: range [2501, 5000] of 5000: 2721/5000 0.164s + 0.033s (eta: 0:07:27)
INFO test_engine.py: 287: im_detect: range [2501, 5000] of 5000: 2731/5000 0.163s + 0.032s (eta: 0:07:23)
INFO test_engine.py: 287: im_detect: range [2501, 5000] of 5000: 2741/5000 0.162s + 0.032s (eta: 0:07:18)
INFO test_engine.py: 287: im_detect: range [2501, 5000] of 5000: 2751/5000 0.161s + 0.032s (eta: 0:07:14)
INFO test_engine.py: 287: im_detect: range [2501, 5000] of 5000: 2761/5000 0.160s + 0.032s (eta: 0:07:10)
Traceback (most recent call last):
  File "/private/home/zhangjixyz/detectron_large_scale_VRD/tools/test_net.py", line 115, in <module>
    check_expected_results=True,
  File "/private/home/zhangjixyz/detectron/lib/core/test_engine.py", line 128, in run_inference
    all_results = result_getter()
  File "/private/home/zhangjixyz/detectron/lib/core/test_engine.py", line 125, in result_getter
    gpu_id=gpu_id
  File "/private/home/zhangjixyz/detectron/lib/core/test_engine.py", line 258, in test_net
    model, im, box_proposals, timers
  File "/private/home/zhangjixyz/detectron/lib/core/test.py", line 66, in im_detect_all
    model, im, cfg.TEST.SCALE, cfg.TEST.MAX_SIZE, boxes=box_proposals
  File "/private/home/zhangjixyz/detectron/lib/core/test.py", line 158, in im_detect_bbox
    workspace.RunNet(model.net.Proto().name)
  File "/private/home/zhangjixyz/caffe2/lib/python2.7/site-packages/caffe2/python/workspace.py", line 230, in RunNet
    StringifyNetName(name), num_iter, allow_fail,
  File "/private/home/zhangjixyz/caffe2/lib/python2.7/site-packages/caffe2/python/workspace.py", line 192, in CallWithExceptionIntercept
    return func(*args, **kwargs)
KeyboardInterrupt
Error in atexit._run_exitfuncs:
Traceback (most recent call last):
  File "/private/home/zhangjixyz/miniconda2/envs/c2/lib/python2.7/atexit.py", line 24, in _run_exitfuncs
    func(*targs, **kargs)
KeyboardInterrupt
Error in sys.exitfunc:
Traceback (most recent call last):
  File "/private/home/zhangjixyz/miniconda2/envs/c2/lib/python2.7/atexit.py", line 24, in _run_exitfuncs
    func(*targs, **kargs)
KeyboardInterrupt
