Found Detectron ops lib: /private/home/zhangjixyz/caffe2/lib/python2.7/site-packages/lib/libcaffe2_detectron_ops_gpu.so
INFO test_net.py:  97: Called with args:
INFO test_net.py:  98: Namespace(cfg_file='./test/coco_2014_minival/generalized_rcnn/detection_range_config.yaml', multi_gpu_testing=False, opts=['NUM_GPUS', '1', 'TEST.DATASETS', '("coco_2014_minival",)', 'TEST.WEIGHTS', '/tmp/detectron-download-cache/35861858/12_2017_baselines/e2e_mask_rcnn_R-101-FPN_2x.yaml.02_32_51.SgT4y1cO/output/train/coco_2014_train:coco_2014_valminusminival/generalized_rcnn/model_final.pkl'], range=[0, 2500], vis=False, wait=True)
INFO test_net.py: 104: Testing with config:
INFO test_net.py: 105: {'BBOX_XFORM_CLIP': 4.135166556742356,
 'CLUSTER': {'ON_CLUSTER': False},
 'DATA_LOADER': {'NUM_THREADS': 4},
 'DEDUP_BOXES': 0.0625,
 'DOWNLOAD_CACHE': '/tmp/detectron-download-cache',
 'EPS': 1e-14,
 'EXPECTED_RESULTS': [],
 'EXPECTED_RESULTS_ATOL': 0.005,
 'EXPECTED_RESULTS_EMAIL': '',
 'EXPECTED_RESULTS_RTOL': 0.1,
 'FAST_RCNN': {'MLP_HEAD_DIM': 1024,
               'ROI_BOX_HEAD': 'fast_rcnn_heads.add_roi_2mlp_head',
               'ROI_XFORM_METHOD': 'RoIAlign',
               'ROI_XFORM_RESOLUTION': 7,
               'ROI_XFORM_SAMPLING_RATIO': 2},
 'FPN': {'COARSEST_STRIDE': 32,
         'DIM': 256,
         'EXTRA_CONV_LEVELS': False,
         'FPN_ON': True,
         'MULTILEVEL_ROIS': True,
         'MULTILEVEL_RPN': True,
         'ROI_CANONICAL_LEVEL': 4,
         'ROI_CANONICAL_SCALE': 224,
         'ROI_MAX_LEVEL': 5,
         'ROI_MIN_LEVEL': 2,
         'RPN_ANCHOR_START_SIZE': 32,
         'RPN_ASPECT_RATIOS': (0.5, 1, 2),
         'RPN_MAX_LEVEL': 6,
         'RPN_MIN_LEVEL': 2,
         'ZERO_INIT_LATERAL': False},
 'KRCNN': {'CONV_HEAD_DIM': 256,
           'CONV_HEAD_KERNEL': 3,
           'CONV_INIT': 'GaussianFill',
           'DECONV_DIM': 256,
           'DECONV_KERNEL': 4,
           'DILATION': 1,
           'HEATMAP_SIZE': -1,
           'INFERENCE_MIN_SIZE': 0,
           'KEYPOINT_CONFIDENCE': 'bbox',
           'LOSS_WEIGHT': 1.0,
           'MIN_KEYPOINT_COUNT_FOR_VALID_MINIBATCH': 20,
           'NMS_OKS': False,
           'NORMALIZE_BY_VISIBLE_KEYPOINTS': True,
           'NUM_KEYPOINTS': -1,
           'NUM_STACKED_CONVS': 8,
           'ROI_KEYPOINTS_HEAD': '',
           'ROI_XFORM_METHOD': 'RoIAlign',
           'ROI_XFORM_RESOLUTION': 7,
           'ROI_XFORM_SAMPLING_RATIO': 0,
           'UP_SCALE': -1,
           'USE_DECONV': False,
           'USE_DECONV_OUTPUT': False},
 'MATLAB': 'matlab',
 'MEMONGER': True,
 'MEMONGER_SHARE_ACTIVATIONS': False,
 'MODEL': {'BBOX_REG_WEIGHTS': (10.0, 10.0, 5.0, 5.0),
           'CLS_AGNOSTIC_BBOX_REG': False,
           'CONV_BODY': 'FPN.add_fpn_ResNet101_conv5_body',
           'EXECUTION_TYPE': 'dag',
           'FASTER_RCNN': True,
           'KEYPOINTS_ON': False,
           'MASK_ON': True,
           'NUM_CLASSES': 81,
           'RPN_ONLY': False,
           'TYPE': 'generalized_rcnn'},
 'MRCNN': {'CLS_SPECIFIC_MASK': True,
           'CONV_INIT': 'MSRAFill',
           'DILATION': 1,
           'DIM_REDUCED': 256,
           'RESOLUTION': 28,
           'ROI_MASK_HEAD': 'mask_rcnn_heads.mask_rcnn_fcn_head_v1up4convs',
           'ROI_XFORM_METHOD': 'RoIAlign',
           'ROI_XFORM_RESOLUTION': 14,
           'ROI_XFORM_SAMPLING_RATIO': 2,
           'THRESH_BINARIZE': 0.5,
           'UPSAMPLE_RATIO': 1,
           'USE_FC_OUTPUT': False,
           'WEIGHT_LOSS_MASK': 1.0},
 'NUM_GPUS': 1,
 'OUTPUT_DIR': '.',
 'PIXEL_MEANS': array([[[102.9801, 115.9465, 122.7717]]]),
 'RESNETS': {'NUM_GROUPS': 1,
             'RES5_DILATION': 1,
             'STRIDE_1X1': True,
             'TRANS_FUNC': 'bottleneck_transformation',
             'WIDTH_PER_GROUP': 64},
 'RETINANET': {'ANCHOR_SCALE': 4,
               'ASPECT_RATIOS': (0.5, 1.0, 2.0),
               'BBOX_REG_BETA': 0.11,
               'BBOX_REG_WEIGHT': 1.0,
               'CLASS_SPECIFIC_BBOX': False,
               'INFERENCE_TH': 0.05,
               'LOSS_ALPHA': 0.25,
               'LOSS_GAMMA': 2.0,
               'NEGATIVE_OVERLAP': 0.4,
               'NUM_CONVS': 4,
               'POSITIVE_OVERLAP': 0.5,
               'PRE_NMS_TOP_N': 1000,
               'PRIOR_PROB': 0.01,
               'RETINANET_ON': False,
               'SCALES_PER_OCTAVE': 3,
               'SHARE_CLS_BBOX_TOWER': False,
               'SOFTMAX': False},
 'RFCN': {'PS_GRID_SIZE': 3},
 'RNG_SEED': 3,
 'ROOT_DIR': '/private/home/zhangjixyz/detectron_large_scale_VRD',
 'RPN': {'ASPECT_RATIOS': (0.5, 1, 2),
         'RPN_ON': True,
         'SIZES': (64, 128, 256, 512),
         'STRIDE': 16},
 'SOLVER': {'BASE_LR': 0.02,
            'GAMMA': 0.1,
            'LOG_LR_CHANGE_THRESHOLD': 1.1,
            'LRS': [],
            'LR_POLICY': 'steps_with_decay',
            'MAX_ITER': 180000,
            'MOMENTUM': 0.9,
            'SCALE_MOMENTUM': True,
            'SCALE_MOMENTUM_THRESHOLD': 1.1,
            'STEPS': [0, 120000, 160000],
            'STEP_SIZE': 30000,
            'WARM_UP_FACTOR': 0.3333333333333333,
            'WARM_UP_ITERS': 500,
            'WARM_UP_METHOD': u'linear',
            'WEIGHT_DECAY': 0.0001},
 'TEST': {'BBOX_AUG': {'AREA_TH_HI': 32400,
                       'AREA_TH_LO': 2500,
                       'ASPECT_RATIOS': (),
                       'ASPECT_RATIO_H_FLIP': False,
                       'COORD_HEUR': 'UNION',
                       'ENABLED': False,
                       'H_FLIP': False,
                       'MAX_SIZE': 4000,
                       'SCALES': (),
                       'SCALE_H_FLIP': False,
                       'SCALE_SIZE_DEP': False,
                       'SCORE_HEUR': 'UNION'},
          'BBOX_REG': True,
          'BBOX_VOTE': {'ENABLED': False,
                        'SCORING_METHOD': 'ID',
                        'SCORING_METHOD_BETA': 1.0,
                        'VOTE_TH': 0.8},
          'COMPETITION_MODE': True,
          'DATASETS': ('coco_2014_minival',),
          'DETECTIONS_PER_IM': 100,
          'FORCE_JSON_DATASET_EVAL': False,
          'KPS_AUG': {'AREA_TH': 32400,
                      'ASPECT_RATIOS': (),
                      'ASPECT_RATIO_H_FLIP': False,
                      'ENABLED': False,
                      'HEUR': 'HM_AVG',
                      'H_FLIP': False,
                      'MAX_SIZE': 4000,
                      'SCALES': (),
                      'SCALE_H_FLIP': False,
                      'SCALE_SIZE_DEP': False},
          'MASK_AUG': {'AREA_TH': 32400,
                       'ASPECT_RATIOS': (),
                       'ASPECT_RATIO_H_FLIP': False,
                       'ENABLED': False,
                       'HEUR': 'SOFT_AVG',
                       'H_FLIP': False,
                       'MAX_SIZE': 4000,
                       'SCALES': (),
                       'SCALE_H_FLIP': False,
                       'SCALE_SIZE_DEP': False},
          'MAX_SIZE': 1333,
          'NMS': 0.5,
          'PRECOMPUTED_PROPOSALS': False,
          'PROPOSAL_FILES': (),
          'PROPOSAL_LIMIT': 2000,
          'RPN_MIN_SIZE': 0,
          'RPN_NMS_THRESH': 0.7,
          'RPN_POST_NMS_TOP_N': 1000,
          'RPN_PRE_NMS_TOP_N': 1000,
          'SCALE': 800,
          'SCORE_THRESH': 0.05,
          'SOFT_NMS': {'ENABLED': False, 'METHOD': 'linear', 'SIGMA': 0.5},
          'WEIGHTS': '/tmp/detectron-download-cache/35861858/12_2017_baselines/e2e_mask_rcnn_R-101-FPN_2x.yaml.02_32_51.SgT4y1cO/output/train/coco_2014_train:coco_2014_valminusminival/generalized_rcnn/model_final.pkl'},
 'TRAIN': {'ASPECT_GROUPING': True,
           'AUTO_RESUME': True,
           'BATCH_SIZE_PER_IM': 512,
           'BBOX_THRESH': 0.5,
           'BG_THRESH_HI': 0.5,
           'BG_THRESH_LO': 0.0,
           'CROWD_FILTER_THRESH': 0.7,
           'DATASETS': ('coco_2014_train', 'coco_2014_valminusminival'),
           'FG_FRACTION': 0.25,
           'FG_THRESH': 0.5,
           'FREEZE_CONV_BODY': False,
           'GT_MIN_AREA': -1,
           'IMS_PER_BATCH': 2,
           'MAX_SIZE': 1333,
           'PROPOSAL_FILES': (),
           'RPN_BATCH_SIZE_PER_IM': 256,
           'RPN_FG_FRACTION': 0.5,
           'RPN_MIN_SIZE': 0,
           'RPN_NEGATIVE_OVERLAP': 0.3,
           'RPN_NMS_THRESH': 0.7,
           'RPN_POSITIVE_OVERLAP': 0.7,
           'RPN_POST_NMS_TOP_N': 2000,
           'RPN_PRE_NMS_TOP_N': 2000,
           'RPN_STRADDLE_THRESH': 0,
           'SCALES': (800,),
           'SNAPSHOT_ITERS': 20000,
           'USE_FLIPPED': True,
           'WEIGHTS': '/tmp/detectron-download-cache/ImageNetPretrained/MSRA/R-101.pkl'},
 'USE_NCCL': False,
 'VIS': False,
 'VIS_TH': 0.9}
loading annotations into memory...
Done (t=1.01s)
creating index...
index created!
WARNING cnn.py:  40: [====DEPRECATE WARNING====]: you are creating an object from CNNModelHelper class which will be deprecated soon. Please use ModelHelper object with brew module. For more information, please refer to caffe2.ai and python/brew.py, python/brew_test.py for more information.
INFO net.py:  57: Loading weights from: /tmp/detectron-download-cache/35861858/12_2017_baselines/e2e_mask_rcnn_R-101-FPN_2x.yaml.02_32_51.SgT4y1cO/output/train/coco_2014_train:coco_2014_valminusminival/generalized_rcnn/model_final.pkl
I0403 09:17:23.739486 37553 net_dag_utils.cc:118] Operator graph pruning prior to chain compute took: 0.000215873 secs
I0403 09:17:23.739799 37553 net_dag.cc:61] Number of parallel execution chains 63 Number of operators = 402
I0403 09:17:23.764463 37553 net_dag_utils.cc:118] Operator graph pruning prior to chain compute took: 0.000166637 secs
I0403 09:17:23.764729 37553 net_dag.cc:61] Number of parallel execution chains 30 Number of operators = 358
I0403 09:17:23.766507 37553 net_dag_utils.cc:118] Operator graph pruning prior to chain compute took: 1.1443e-05 secs
I0403 09:17:23.766554 37553 net_dag.cc:61] Number of parallel execution chains 5 Number of operators = 18
INFO test_engine.py: 287: im_detect: range [1, 2500] of 5000: 1/2500 5.790s + 0.060s (eta: 4:03:38)
INFO test_engine.py: 287: im_detect: range [1, 2500] of 5000: 11/2500 0.686s + 0.034s (eta: 0:29:52)
INFO test_engine.py: 287: im_detect: range [1, 2500] of 5000: 21/2500 0.426s + 0.027s (eta: 0:18:43)
INFO test_engine.py: 287: im_detect: range [1, 2500] of 5000: 31/2500 0.351s + 0.029s (eta: 0:15:36)
INFO test_engine.py: 287: im_detect: range [1, 2500] of 5000: 41/2500 0.300s + 0.029s (eta: 0:13:27)
INFO test_engine.py: 287: im_detect: range [1, 2500] of 5000: 51/2500 0.269s + 0.031s (eta: 0:12:15)
INFO test_engine.py: 287: im_detect: range [1, 2500] of 5000: 61/2500 0.249s + 0.029s (eta: 0:11:18)
INFO test_engine.py: 287: im_detect: range [1, 2500] of 5000: 71/2500 0.234s + 0.028s (eta: 0:10:37)
INFO test_engine.py: 287: im_detect: range [1, 2500] of 5000: 81/2500 0.223s + 0.029s (eta: 0:10:08)
INFO test_engine.py: 287: im_detect: range [1, 2500] of 5000: 91/2500 0.214s + 0.030s (eta: 0:09:48)
INFO test_engine.py: 287: im_detect: range [1, 2500] of 5000: 101/2500 0.207s + 0.031s (eta: 0:09:30)
INFO test_engine.py: 287: im_detect: range [1, 2500] of 5000: 111/2500 0.200s + 0.030s (eta: 0:09:11)
INFO test_engine.py: 287: im_detect: range [1, 2500] of 5000: 121/2500 0.196s + 0.031s (eta: 0:08:59)
INFO test_engine.py: 287: im_detect: range [1, 2500] of 5000: 131/2500 0.192s + 0.031s (eta: 0:08:48)
INFO test_engine.py: 287: im_detect: range [1, 2500] of 5000: 141/2500 0.189s + 0.033s (eta: 0:08:42)
INFO test_engine.py: 287: im_detect: range [1, 2500] of 5000: 151/2500 0.186s + 0.032s (eta: 0:08:32)
INFO test_engine.py: 287: im_detect: range [1, 2500] of 5000: 161/2500 0.183s + 0.032s (eta: 0:08:24)
INFO test_engine.py: 287: im_detect: range [1, 2500] of 5000: 171/2500 0.180s + 0.032s (eta: 0:08:14)
INFO test_engine.py: 287: im_detect: range [1, 2500] of 5000: 181/2500 0.178s + 0.032s (eta: 0:08:07)
INFO test_engine.py: 287: im_detect: range [1, 2500] of 5000: 191/2500 0.177s + 0.032s (eta: 0:08:02)
INFO test_engine.py: 287: im_detect: range [1, 2500] of 5000: 201/2500 0.174s + 0.032s (eta: 0:07:54)
INFO test_engine.py: 287: im_detect: range [1, 2500] of 5000: 211/2500 0.173s + 0.032s (eta: 0:07:48)
INFO test_engine.py: 287: im_detect: range [1, 2500] of 5000: 221/2500 0.171s + 0.031s (eta: 0:07:41)
INFO test_engine.py: 287: im_detect: range [1, 2500] of 5000: 231/2500 0.170s + 0.031s (eta: 0:07:35)
